\BOOKMARK [1][-]{section.1}{\376\377\000C\000i\000r\000c\000u\000i\000t\000o\000s}{}% 1
\BOOKMARK [2][-]{subsection.1.1}{\376\377\000R\000e\000l\000a\000c\000i\000o\000n\000e\000s\000\040\000B\000\341\000s\000i\000c\000a\000s}{section.1}% 2
\BOOKMARK [2][-]{subsection.1.2}{\376\377\000R\000L\000C}{section.1}% 3
\BOOKMARK [2][-]{subsection.1.3}{\376\377\000A\000C}{section.1}% 4
\BOOKMARK [2][-]{subsection.1.4}{\376\377\000P\000o\000t\000e\000n\000c\000i\000a\000\040\000e\000n\000\040\000C\000i\000r\000c\000u\000i\000t\000o\000s\000\040\000A\000C}{section.1}% 5
\BOOKMARK [1][-]{section.2}{\376\377\000M\000a\000q\000u\000i\000n\000a\000s\000\040\000E\000l\000e\000c\000t\000r\000i\000c\000a\000s}{}% 6
\BOOKMARK [1][-]{section.3}{\376\377\000E\000l\000e\000c\000t\000r\000o\000n\000i\000c\000a\000\040\000d\000e\000\040\000P\000o\000t\000e\000n\000c\000i\000a}{}% 7
\BOOKMARK [2][-]{subsection.3.1}{\376\377\000C\000o\000n\000v\000e\000r\000t\000i\000d\000o\000r\000e\000s\000\040\000C\000C}{section.3}% 8
\BOOKMARK [1][-]{section.4}{\376\377\000D\000i\000s\000p\000o\000s\000i\000t\000i\000v\000o\000s}{}% 9
\BOOKMARK [2][-]{subsection.4.1}{\376\377\000B\000J\000T}{section.4}% 10
\BOOKMARK [2][-]{subsection.4.2}{\376\377\000F\000E\000T\000S}{section.4}% 11
\BOOKMARK [1][-]{section.5}{\376\377\000R\000e\000s\000p\000u\000e\000s\000t\000a\000\040\000e\000n\000\040\000f\000r\000e\000c\000u\000e\000n\000c\000i\000a}{}% 12
\BOOKMARK [2][-]{subsection.5.1}{\376\377\000M\000a\000g\000n\000i\000t\000u\000d\000\040\000y\000\040\000f\000a\000s\000e}{section.5}% 13
\BOOKMARK [2][-]{subsection.5.2}{\376\377\000O\000s\000c\000i\000l\000a\000d\000o\000r\000e\000s}{section.5}% 14
\BOOKMARK [2][-]{subsection.5.3}{\376\377\000F\000E\000T\000S}{section.5}% 15
\BOOKMARK [1][-]{section.6}{\376\377\000D\000i\000a\000g\000r\000a\000m\000a\000s\000\040\000d\000e\000\040\000B\000o\000d\000e}{}% 16
\BOOKMARK [2][-]{subsection.6.1}{\376\377\000D\000i\000a\000g\000r\000a\000m\000a\000\040\000d\000e\000\040\000M\000a\000g\000n\000i\000t\000u\000d}{section.6}% 17
\BOOKMARK [2][-]{subsection.6.2}{\376\377\000D\000i\000a\000g\000r\000a\000m\000a\000\040\000d\000e\000\040\000F\000a\000s\000e}{section.6}% 18
\BOOKMARK [1][-]{section.7}{\376\377\000O\000b\000t\000e\000n\000c\000i\000\363\000n\000\040\000d\000e\000\040\000l\000a\000\040\000F\000u\000n\000c\000i\000\363\000n\000\040\000d\000e\000\040\000T\000r\000a\000n\000s\000f\000e\000r\000e\000n\000c\000i\000a\000\040\000d\000e\000\040\000u\000n\000\040\000A\000m\000p\000l\000i\000f\000i\000c\000a\000d\000o\000r}{}% 19
\BOOKMARK [2][-]{subsection.7.1}{\376\377\000F\000u\000n\000c\000i\000\363\000n\000\040\000d\000e\000\040\000T\000r\000a\000n\000s\000f\000e\000r\000e\000n\000c\000i\000a}{section.7}% 20
\BOOKMARK [2][-]{subsection.7.2}{\376\377\000D\000i\000a\000g\000r\000a\000m\000a\000\040\000d\000e\000\040\000P\000o\000l\000o\000s\000\040\000y\000\040\000C\000e\000r\000o\000s}{section.7}% 21
\BOOKMARK [1][-]{section.8}{\376\377\000E\000s\000p\000e\000c\000t\000r\000o\000\040\000d\000e\000\040\000M\000a\000g\000n\000i\000t\000u\000d\000\040\000y\000\040\000F\000a\000s\000e\000\040\000a\000\040\000p\000a\000r\000t\000i\000r\000\040\000d\000e\000\040\000l\000a\000\040\000F\000u\000n\000c\000i\000\363\000n\000\040\000d\000e\000\040\000T\000r\000a\000n\000s\000f\000e\000r\000e\000n\000c\000i\000a}{}% 22
\BOOKMARK [1][-]{section.9}{\376\377\000F\000r\000e\000c\000u\000e\000n\000c\000i\000a\000s\000\040\000C\000a\000r\000a\000c\000t\000e\000r\000\355\000s\000t\000i\000c\000a\000s\000\040\000d\000e\000\040\000O\000p\000e\000r\000a\000c\000i\000\363\000n\000\040\000d\000e\000\040\000l\000o\000s\000\040\000A\000m\000p\000l\000i\000f\000i\000c\000a\000d\000o\000r\000e\000s}{}% 23
\BOOKMARK [1][-]{section.10}{\376\377\000O\000s\000c\000i\000l\000a\000d\000o\000r\000e\000s}{}% 24
\BOOKMARK [2][-]{subsection.10.1}{\376\377\000C\000o\000n\000d\000i\000c\000i\000\363\000n\000\040\000d\000e\000\040\000B\000a\000r\000k\000h\000a\000u\000s\000e\000n}{section.10}% 25
\BOOKMARK [2][-]{subsection.10.2}{\376\377\000O\000s\000c\000i\000l\000a\000d\000o\000r\000\040\000p\000o\000r\000\040\000D\000e\000s\000p\000l\000a\000z\000a\000m\000i\000e\000n\000t\000o\000\040\000d\000e\000\040\000F\000a\000s\000e}{section.10}% 26
\BOOKMARK [2][-]{subsection.10.3}{\376\377\000O\000s\000c\000i\000l\000a\000d\000o\000r\000\040\000C\000o\000l\000p\000i\000t\000t\000s}{section.10}% 27
\BOOKMARK [2][-]{subsection.10.4}{\376\377\000O\000s\000c\000i\000l\000a\000d\000o\000r\000\040\000H\000a\000r\000t\000l\000e\000y}{section.10}% 28
